  Determining projects to restore...
C:\Program Files\dotnet\sdk\9.0.203\Sdks\Microsoft.NET.Sdk\targets\Microsoft.NET.EolTargetFrameworks.targets(32,5): warning NETSDK1138: The target framework 'net7.0' is out of support and will not receive security updates in the future. Please refer to https://aka.ms/dotnet-core-support for more information about the support policy. [E:\Project-AI\AI-Scrum\backend\AI-Scrum.csproj]
C:\Program Files\dotnet\sdk\9.0.203\Sdks\Microsoft.NET.Sdk\targets\Microsoft.NET.EolTargetFrameworks.targets(32,5): warning NETSDK1138: The target framework 'net7.0' is out of support and will not receive security updates in the future. Please refer to https://aka.ms/dotnet-core-support for more information about the support policy. [E:\Project-AI\AI-Scrum\backend\AI-Scrum.csproj]
  All projects are up-to-date for restore.
C:\Program Files\dotnet\sdk\9.0.203\Sdks\Microsoft.NET.Sdk\targets\Microsoft.NET.EolTargetFrameworks.targets(32,5): warning NETSDK1138: The target framework 'net7.0' is out of support and will not receive security updates in the future. Please refer to https://aka.ms/dotnet-core-support for more information about the support policy. [E:\Project-AI\AI-Scrum\backend\AI-Scrum.csproj]
E:\Project-AI\AI-Scrum\backend\Services\AzureDevOpsService.cs(68,60): error CS1503: Argument 1: cannot convert from 'System.Guid' to 'string' [E:\Project-AI\AI-Scrum\backend\AI-Scrum.csproj]
E:\Project-AI\AI-Scrum\backend\Services\TaskEstimationService.cs(19,41): warning CS1998: This async method lacks 'await' operators and will run synchronously. Consider using the 'await' operator to await non-blocking API calls, or 'await Task.Run(...)' to do CPU-bound work on a background thread. [E:\Project-AI\AI-Scrum\backend\AI-Scrum.csproj]
E:\Project-AI\AI-Scrum\backend\Services\SprintService.cs(133,35): warning CS1998: This async method lacks 'await' operators and will run synchronously. Consider using the 'await' operator to await non-blocking API calls, or 'await Task.Run(...)' to do CPU-bound work on a background thread. [E:\Project-AI\AI-Scrum\backend\AI-Scrum.csproj]
E:\Project-AI\AI-Scrum\backend\Services\AzureDevOpsService.cs(168,30): warning CS8629: Nullable value type may be null. [E:\Project-AI\AI-Scrum\backend\AI-Scrum.csproj]
E:\Project-AI\AI-Scrum\backend\Services\AzureDevOpsService.cs(259,43): warning CS1998: This async method lacks 'await' operators and will run synchronously. Consider using the 'await' operator to await non-blocking API calls, or 'await Task.Run(...)' to do CPU-bound work on a background thread. [E:\Project-AI\AI-Scrum\backend\AI-Scrum.csproj]
E:\Project-AI\AI-Scrum\backend\Services\AzureDevOpsService.cs(284,47): warning CS1998: This async method lacks 'await' operators and will run synchronously. Consider using the 'await' operator to await non-blocking API calls, or 'await Task.Run(...)' to do CPU-bound work on a background thread. [E:\Project-AI\AI-Scrum\backend\AI-Scrum.csproj]

Build FAILED.

C:\Program Files\dotnet\sdk\9.0.203\Sdks\Microsoft.NET.Sdk\targets\Microsoft.NET.EolTargetFrameworks.targets(32,5): warning NETSDK1138: The target framework 'net7.0' is out of support and will not receive security updates in the future. Please refer to https://aka.ms/dotnet-core-support for more information about the support policy. [E:\Project-AI\AI-Scrum\backend\AI-Scrum.csproj]
C:\Program Files\dotnet\sdk\9.0.203\Sdks\Microsoft.NET.Sdk\targets\Microsoft.NET.EolTargetFrameworks.targets(32,5): warning NETSDK1138: The target framework 'net7.0' is out of support and will not receive security updates in the future. Please refer to https://aka.ms/dotnet-core-support for more information about the support policy. [E:\Project-AI\AI-Scrum\backend\AI-Scrum.csproj]
C:\Program Files\dotnet\sdk\9.0.203\Sdks\Microsoft.NET.Sdk\targets\Microsoft.NET.EolTargetFrameworks.targets(32,5): warning NETSDK1138: The target framework 'net7.0' is out of support and will not receive security updates in the future. Please refer to https://aka.ms/dotnet-core-support for more information about the support policy. [E:\Project-AI\AI-Scrum\backend\AI-Scrum.csproj]
E:\Project-AI\AI-Scrum\backend\Services\TaskEstimationService.cs(19,41): warning CS1998: This async method lacks 'await' operators and will run synchronously. Consider using the 'await' operator to await non-blocking API calls, or 'await Task.Run(...)' to do CPU-bound work on a background thread. [E:\Project-AI\AI-Scrum\backend\AI-Scrum.csproj]
E:\Project-AI\AI-Scrum\backend\Services\SprintService.cs(133,35): warning CS1998: This async method lacks 'await' operators and will run synchronously. Consider using the 'await' operator to await non-blocking API calls, or 'await Task.Run(...)' to do CPU-bound work on a background thread. [E:\Project-AI\AI-Scrum\backend\AI-Scrum.csproj]
E:\Project-AI\AI-Scrum\backend\Services\AzureDevOpsService.cs(168,30): warning CS8629: Nullable value type may be null. [E:\Project-AI\AI-Scrum\backend\AI-Scrum.csproj]
E:\Project-AI\AI-Scrum\backend\Services\AzureDevOpsService.cs(259,43): warning CS1998: This async method lacks 'await' operators and will run synchronously. Consider using the 'await' operator to await non-blocking API calls, or 'await Task.Run(...)' to do CPU-bound work on a background thread. [E:\Project-AI\AI-Scrum\backend\AI-Scrum.csproj]
E:\Project-AI\AI-Scrum\backend\Services\AzureDevOpsService.cs(284,47): warning CS1998: This async method lacks 'await' operators and will run synchronously. Consider using the 'await' operator to await non-blocking API calls, or 'await Task.Run(...)' to do CPU-bound work on a background thread. [E:\Project-AI\AI-Scrum\backend\AI-Scrum.csproj]
E:\Project-AI\AI-Scrum\backend\Services\AzureDevOpsService.cs(68,60): error CS1503: Argument 1: cannot convert from 'System.Guid' to 'string' [E:\Project-AI\AI-Scrum\backend\AI-Scrum.csproj]
    8 Warning(s)
    1 Error(s)

Time Elapsed 00:00:01.65
